Archive member included because of file (symbol)

../lab7_app_bsp/\libhal_bsp.a(alt_load.o)
                              ../lab7_app_bsp//obj/HAL/src/crt0.o (alt_load)
../lab7_app_bsp/\libhal_bsp.a(alt_main.o)
                              ../lab7_app_bsp//obj/HAL/src/crt0.o (alt_main)
../lab7_app_bsp/\libhal_bsp.a(alt_sys_init.o)
                              ../lab7_app_bsp/\libhal_bsp.a(alt_main.o) (alt_irq_init)
../lab7_app_bsp/\libhal_bsp.a(alt_close.o)
                              ../lab7_app_bsp/\libhal_bsp.a(alt_main.o) (close)
../lab7_app_bsp/\libhal_bsp.a(alt_dcache_flush_all.o)
                              ../lab7_app_bsp/\libhal_bsp.a(alt_load.o) (alt_dcache_flush_all)
../lab7_app_bsp/\libhal_bsp.a(alt_dev.o)
                              ../lab7_app_bsp/\libhal_bsp.a(alt_close.o) (alt_fd_list)
../lab7_app_bsp/\libhal_bsp.a(alt_do_ctors.o)
                              ../lab7_app_bsp/\libhal_bsp.a(alt_main.o) (_do_ctors)
../lab7_app_bsp/\libhal_bsp.a(alt_do_dtors.o)
                              ../lab7_app_bsp/\libhal_bsp.a(alt_main.o) (_do_dtors)
../lab7_app_bsp/\libhal_bsp.a(alt_errno.o)
                              ../lab7_app_bsp/\libhal_bsp.a(alt_close.o) (alt_errno)
../lab7_app_bsp/\libhal_bsp.a(alt_icache_flush_all.o)
                              ../lab7_app_bsp/\libhal_bsp.a(alt_load.o) (alt_icache_flush_all)
../lab7_app_bsp/\libhal_bsp.a(alt_release_fd.o)
                              ../lab7_app_bsp/\libhal_bsp.a(alt_close.o) (alt_release_fd)
../lab7_app_bsp/\libhal_bsp.a(altera_nios2_qsys_irq.o)
                              ../lab7_app_bsp/\libhal_bsp.a(alt_sys_init.o) (altera_nios2_qsys_irq_init)
c:/altera/14.0/nios2eds/bin/gnu/h-x86_64-mingw32/bin/../lib/gcc/nios2-elf/4.7.3/../../../../../H-x86_64-mingw32/nios2-elf/lib/mno-hw-mul\libc.a(lib_a-atexit.o)
                              ../lab7_app_bsp/\libhal_bsp.a(alt_main.o) (atexit)
c:/altera/14.0/nios2eds/bin/gnu/h-x86_64-mingw32/bin/../lib/gcc/nios2-elf/4.7.3/../../../../../H-x86_64-mingw32/nios2-elf/lib/mno-hw-mul\libc.a(lib_a-exit.o)
                              ../lab7_app_bsp/\libhal_bsp.a(alt_main.o) (exit)
c:/altera/14.0/nios2eds/bin/gnu/h-x86_64-mingw32/bin/../lib/gcc/nios2-elf/4.7.3/../../../../../H-x86_64-mingw32/nios2-elf/lib/mno-hw-mul\libc.a(lib_a-impure.o)
                              c:/altera/14.0/nios2eds/bin/gnu/h-x86_64-mingw32/bin/../lib/gcc/nios2-elf/4.7.3/../../../../../H-x86_64-mingw32/nios2-elf/lib/mno-hw-mul\libc.a(lib_a-exit.o) (_global_impure_ptr)
c:/altera/14.0/nios2eds/bin/gnu/h-x86_64-mingw32/bin/../lib/gcc/nios2-elf/4.7.3/../../../../../H-x86_64-mingw32/nios2-elf/lib/mno-hw-mul\libc.a(lib_a-int_errno.o)
                              ../lab7_app_bsp/\libhal_bsp.a(alt_close.o) (errno)
c:/altera/14.0/nios2eds/bin/gnu/h-x86_64-mingw32/bin/../lib/gcc/nios2-elf/4.7.3/../../../../../H-x86_64-mingw32/nios2-elf/lib/mno-hw-mul\libc.a(lib_a-__atexit.o)
                              c:/altera/14.0/nios2eds/bin/gnu/h-x86_64-mingw32/bin/../lib/gcc/nios2-elf/4.7.3/../../../../../H-x86_64-mingw32/nios2-elf/lib/mno-hw-mul\libc.a(lib_a-atexit.o) (__register_exitproc)
c:/altera/14.0/nios2eds/bin/gnu/h-x86_64-mingw32/bin/../lib/gcc/nios2-elf/4.7.3/../../../../../H-x86_64-mingw32/nios2-elf/lib/mno-hw-mul\libc.a(lib_a-__call_atexit.o)
                              c:/altera/14.0/nios2eds/bin/gnu/h-x86_64-mingw32/bin/../lib/gcc/nios2-elf/4.7.3/../../../../../H-x86_64-mingw32/nios2-elf/lib/mno-hw-mul\libc.a(lib_a-exit.o) (__call_exitprocs)
c:/altera/14.0/nios2eds/bin/gnu/h-x86_64-mingw32/bin/../lib/gcc/nios2-elf/4.7.3/mno-hw-mul\libgcc.a(lib2-mul.o)
                              ../lab7_app_bsp/\libhal_bsp.a(alt_close.o) (__mulsi3)
../lab7_app_bsp/\libhal_bsp.a(alt_exit.o)
                              c:/altera/14.0/nios2eds/bin/gnu/h-x86_64-mingw32/bin/../lib/gcc/nios2-elf/4.7.3/../../../../../H-x86_64-mingw32/nios2-elf/lib/mno-hw-mul\libc.a(lib_a-exit.o) (_exit)

Allocating common symbols
Common symbol       size              file

errno               0x4               c:/altera/14.0/nios2eds/bin/gnu/h-x86_64-mingw32/bin/../lib/gcc/nios2-elf/4.7.3/../../../../../H-x86_64-mingw32/nios2-elf/lib/mno-hw-mul\libc.a(lib_a-int_errno.o)
_atexit0            0x190             c:/altera/14.0/nios2eds/bin/gnu/h-x86_64-mingw32/bin/../lib/gcc/nios2-elf/4.7.3/../../../../../H-x86_64-mingw32/nios2-elf/lib/mno-hw-mul\libc.a(lib_a-atexit.o)

Memory Configuration

Name             Origin             Length             Attributes
onchip_memory2_0 0x0000000000000000 0x0000000000000010
reset            0x0000000010000000 0x0000000000000020
sdram            0x0000000010000020 0x0000000007ffffe0
*default*        0x0000000000000000 0xffffffffffffffff

Linker script and memory map

LOAD ../lab7_app_bsp//obj/HAL/src/crt0.o
LOAD obj/default/main.o
LOAD c:/altera/14.0/nios2eds/bin/gnu/h-x86_64-mingw32/bin/../lib/gcc/nios2-elf/4.7.3/../../../../../H-x86_64-mingw32/nios2-elf/lib/mno-hw-mul\libstdc++.a
LOAD c:/altera/14.0/nios2eds/bin/gnu/h-x86_64-mingw32/bin/../lib/gcc/nios2-elf/4.7.3/../../../../../H-x86_64-mingw32/nios2-elf/lib/mno-hw-mul\libm.a
LOAD c:/altera/14.0/nios2eds/bin/gnu/h-x86_64-mingw32/bin/../lib/gcc/nios2-elf/4.7.3/mno-hw-mul\libgcc.a
START GROUP
LOAD c:/altera/14.0/nios2eds/bin/gnu/h-x86_64-mingw32/bin/../lib/gcc/nios2-elf/4.7.3/../../../../../H-x86_64-mingw32/nios2-elf/lib/mno-hw-mul\libc.a
LOAD c:/altera/14.0/nios2eds/bin/gnu/h-x86_64-mingw32/bin/../lib/gcc/nios2-elf/4.7.3/mno-hw-mul\libgcc.a
LOAD ../lab7_app_bsp/\libhal_bsp.a
END GROUP
LOAD c:/altera/14.0/nios2eds/bin/gnu/h-x86_64-mingw32/bin/../lib/gcc/nios2-elf/4.7.3/mno-hw-mul\libgcc.a
                0x0000000000000000                __alt_mem_onchip_memory2_0 = 0x0
                0x0000000010000000                __alt_mem_sdram = 0x10000000

.entry          0x0000000010000000       0x20
 *(.entry)
 .entry         0x0000000010000000       0x20 ../lab7_app_bsp//obj/HAL/src/crt0.o
                0x0000000010000000                __reset

.exceptions     0x0000000010000020        0x0
                0x0000000010000020                PROVIDE (__ram_exceptions_start, ABSOLUTE (.))
                0x0000000010000020                . = ALIGN (0x20)
 *(.irq)
 *(.exceptions.entry.label)
 *(.exceptions.entry.user)
 *(.exceptions.entry.ecc_fatal)
 *(.exceptions.entry)
 *(.exceptions.irqtest.user)
 *(.exceptions.irqtest)
 *(.exceptions.irqhandler.user)
 *(.exceptions.irqhandler)
 *(.exceptions.irqreturn.user)
 *(.exceptions.irqreturn)
 *(.exceptions.notirq.label)
 *(.exceptions.notirq.user)
 *(.exceptions.notirq)
 *(.exceptions.soft.user)
 *(.exceptions.soft)
 *(.exceptions.unknown.user)
 *(.exceptions.unknown)
 *(.exceptions.exit.label)
 *(.exceptions.exit.user)
 *(.exceptions.exit)
 *(.exceptions)
                0x0000000010000020                PROVIDE (__ram_exceptions_end, ABSOLUTE (.))
                0x0000000010000020                PROVIDE (__flash_exceptions_start, LOADADDR (.exceptions))

.text           0x0000000010000020      0x8d8
                0x0000000010000020                PROVIDE (stext, ABSOLUTE (.))
 *(.interp)
 *(.hash)
 *(.dynsym)
 *(.dynstr)
 *(.gnu.version)
 *(.gnu.version_d)
 *(.gnu.version_r)
 *(.rel.init)
 *(.rela.init)
 *(.rel.text .rel.text.* .rel.gnu.linkonce.t.*)
 *(.rela.text .rela.text.* .rela.gnu.linkonce.t.*)
 *(.rel.fini)
 *(.rela.fini)
 *(.rel.rodata .rel.rodata.* .rel.gnu.linkonce.r.*)
 *(.rela.rodata .rela.rodata.* .rela.gnu.linkonce.r.*)
 *(.rel.data .rel.data.* .rel.gnu.linkonce.d.*)
 *(.rela.data .rela.data.* .rela.gnu.linkonce.d.*)
 *(.rel.tdata .rel.tdata.* .rel.gnu.linkonce.td.*)
 *(.rela.tdata .rela.tdata.* .rela.gnu.linkonce.td.*)
 *(.rel.tbss .rel.tbss.* .rel.gnu.linkonce.tb.*)
 *(.rela.tbss .rela.tbss.* .rela.gnu.linkonce.tb.*)
 *(.rel.ctors)
 *(.rela.ctors)
 *(.rel.dtors)
 *(.rela.dtors)
 *(.rel.got)
 *(.rela.got)
 *(.rel.sdata .rel.sdata.* .rel.gnu.linkonce.s.*)
 *(.rela.sdata .rela.sdata.* .rela.gnu.linkonce.s.*)
 *(.rel.sbss .rel.sbss.* .rel.gnu.linkonce.sb.*)
 *(.rela.sbss .rela.sbss.* .rela.gnu.linkonce.sb.*)
 *(.rel.sdata2 .rel.sdata2.* .rel.gnu.linkonce.s2.*)
 *(.rela.sdata2 .rela.sdata2.* .rela.gnu.linkonce.s2.*)
 *(.rel.sbss2 .rel.sbss2.* .rel.gnu.linkonce.sb2.*)
 *(.rela.sbss2 .rela.sbss2.* .rela.gnu.linkonce.sb2.*)
 *(.rel.bss .rel.bss.* .rel.gnu.linkonce.b.*)
 *(.rela.bss .rela.bss.* .rela.gnu.linkonce.b.*)
 *(.rel.plt)
 *(.rela.plt)
 *(.rel.dyn)
 *(.init)
 *(.plt)
 *(.text .stub .text.* .gnu.linkonce.t.*)
 .text          0x0000000010000020       0x3c ../lab7_app_bsp//obj/HAL/src/crt0.o
                0x0000000010000020                _start
 .text          0x000000001000005c       0xa8 obj/default/main.o
                0x000000001000005c                main
 .text          0x0000000010000104       0xec ../lab7_app_bsp/\libhal_bsp.a(alt_load.o)
                0x0000000010000170                alt_load
 .text          0x00000000100001f0       0x5c ../lab7_app_bsp/\libhal_bsp.a(alt_main.o)
                0x00000000100001f0                alt_main
 .text          0x000000001000024c       0x54 ../lab7_app_bsp/\libhal_bsp.a(alt_sys_init.o)
                0x000000001000024c                alt_irq_init
                0x0000000010000280                alt_sys_init
 .text          0x00000000100002a0      0x11c ../lab7_app_bsp/\libhal_bsp.a(alt_close.o)
                0x00000000100002f0                close
 .text          0x00000000100003bc       0x1c ../lab7_app_bsp/\libhal_bsp.a(alt_dcache_flush_all.o)
                0x00000000100003bc                alt_dcache_flush_all
 .text          0x00000000100003d8       0x2c ../lab7_app_bsp/\libhal_bsp.a(alt_dev.o)
 .text          0x0000000010000404       0x5c ../lab7_app_bsp/\libhal_bsp.a(alt_do_ctors.o)
                0x0000000010000404                _do_ctors
 .text          0x0000000010000460       0x5c ../lab7_app_bsp/\libhal_bsp.a(alt_do_dtors.o)
                0x0000000010000460                _do_dtors
 .text          0x00000000100004bc        0x0 ../lab7_app_bsp/\libhal_bsp.a(alt_errno.o)
 .text          0x00000000100004bc       0x1c ../lab7_app_bsp/\libhal_bsp.a(alt_icache_flush_all.o)
                0x00000000100004bc                alt_icache_flush_all
 .text          0x00000000100004d8       0x80 ../lab7_app_bsp/\libhal_bsp.a(alt_release_fd.o)
                0x00000000100004d8                alt_release_fd
 .text          0x0000000010000558       0x20 ../lab7_app_bsp/\libhal_bsp.a(altera_nios2_qsys_irq.o)
                0x0000000010000558                altera_nios2_qsys_irq_init
 .text          0x0000000010000578       0x14 c:/altera/14.0/nios2eds/bin/gnu/h-x86_64-mingw32/bin/../lib/gcc/nios2-elf/4.7.3/../../../../../H-x86_64-mingw32/nios2-elf/lib/mno-hw-mul\libc.a(lib_a-atexit.o)
                0x0000000010000578                atexit
 .text          0x000000001000058c       0x38 c:/altera/14.0/nios2eds/bin/gnu/h-x86_64-mingw32/bin/../lib/gcc/nios2-elf/4.7.3/../../../../../H-x86_64-mingw32/nios2-elf/lib/mno-hw-mul\libc.a(lib_a-exit.o)
                0x000000001000058c                exit
 .text          0x00000000100005c4        0x0 c:/altera/14.0/nios2eds/bin/gnu/h-x86_64-mingw32/bin/../lib/gcc/nios2-elf/4.7.3/../../../../../H-x86_64-mingw32/nios2-elf/lib/mno-hw-mul\libc.a(lib_a-impure.o)
 .text          0x00000000100005c4        0x0 c:/altera/14.0/nios2eds/bin/gnu/h-x86_64-mingw32/bin/../lib/gcc/nios2-elf/4.7.3/../../../../../H-x86_64-mingw32/nios2-elf/lib/mno-hw-mul\libc.a(lib_a-int_errno.o)
 .text          0x00000000100005c4      0x130 c:/altera/14.0/nios2eds/bin/gnu/h-x86_64-mingw32/bin/../lib/gcc/nios2-elf/4.7.3/../../../../../H-x86_64-mingw32/nios2-elf/lib/mno-hw-mul\libc.a(lib_a-__atexit.o)
                0x00000000100005c4                __register_exitproc
 .text          0x00000000100006f4      0x1a0 c:/altera/14.0/nios2eds/bin/gnu/h-x86_64-mingw32/bin/../lib/gcc/nios2-elf/4.7.3/../../../../../H-x86_64-mingw32/nios2-elf/lib/mno-hw-mul\libc.a(lib_a-__call_atexit.o)
                0x00000000100006f4                __call_exitprocs
 .text          0x0000000010000894       0x28 c:/altera/14.0/nios2eds/bin/gnu/h-x86_64-mingw32/bin/../lib/gcc/nios2-elf/4.7.3/mno-hw-mul\libgcc.a(lib2-mul.o)
                0x0000000010000894                __mulsi3
 .text          0x00000000100008bc       0x3c ../lab7_app_bsp/\libhal_bsp.a(alt_exit.o)
                0x00000000100008bc                _exit
 *(.gnu.warning.*)
 *(.fini)
                0x00000000100008f8                PROVIDE (__etext, ABSOLUTE (.))
                0x00000000100008f8                PROVIDE (_etext, ABSOLUTE (.))
                0x00000000100008f8                PROVIDE (etext, ABSOLUTE (.))
 *(.eh_frame_hdr)
                0x00000000100008f8                . = ALIGN (0x4)
                0x00000000100008f8                PROVIDE (__preinit_array_start, ABSOLUTE (.))
 *(.preinit_array)
                0x00000000100008f8                PROVIDE (__preinit_array_end, ABSOLUTE (.))
                0x00000000100008f8                PROVIDE (__init_array_start, ABSOLUTE (.))
 *(.init_array)
                0x00000000100008f8                PROVIDE (__init_array_end, ABSOLUTE (.))
                0x00000000100008f8                PROVIDE (__fini_array_start, ABSOLUTE (.))
 *(.fini_array)
                0x00000000100008f8                PROVIDE (__fini_array_end, ABSOLUTE (.))
 *(.eh_frame)
 *(.gcc_except_table .gcc_except_table.*)
 *(.dynamic)
                0x00000000100008f8                PROVIDE (__CTOR_LIST__, ABSOLUTE (.))
 *(.ctors)
 *(SORT(.ctors.*))
                0x00000000100008f8                PROVIDE (__CTOR_END__, ABSOLUTE (.))
                0x00000000100008f8                PROVIDE (__DTOR_LIST__, ABSOLUTE (.))
 *(.dtors)
 *(SORT(.dtors.*))
                0x00000000100008f8                PROVIDE (__DTOR_END__, ABSOLUTE (.))
 *(.jcr)
                0x00000000100008f8                . = ALIGN (0x4)

.rodata         0x00000000100008f8       0x10
                0x00000000100008f8                PROVIDE (__ram_rodata_start, ABSOLUTE (.))
                0x00000000100008f8                . = ALIGN (0x4)
 *(.rodata .rodata.* .gnu.linkonce.r.*)
 .rodata        0x00000000100008f8        0xc ../lab7_app_bsp/\libhal_bsp.a(alt_dev.o)
 .rodata.str1.4
                0x0000000010000904        0x4 c:/altera/14.0/nios2eds/bin/gnu/h-x86_64-mingw32/bin/../lib/gcc/nios2-elf/4.7.3/../../../../../H-x86_64-mingw32/nios2-elf/lib/mno-hw-mul\libc.a(lib_a-impure.o)
 *(.rodata1)
                0x0000000010000908                . = ALIGN (0x4)
                0x0000000010000908                PROVIDE (__ram_rodata_end, ABSOLUTE (.))
                0x00000000100008f8                PROVIDE (__flash_rodata_start, LOADADDR (.rodata))

.rwdata         0x0000000010000908      0x5c8 load address 0x0000000010000ed0
                0x0000000010000908                PROVIDE (__ram_rwdata_start, ABSOLUTE (.))
                0x0000000010000908                . = ALIGN (0x4)
 *(.got.plt)
 *(.got)
 *(.data1)
 *(.data .data.* .gnu.linkonce.d.*)
 .data          0x0000000010000908        0x0 ../lab7_app_bsp//obj/HAL/src/crt0.o
 .data          0x0000000010000908        0x0 obj/default/main.o
 .data          0x0000000010000908        0x0 ../lab7_app_bsp/\libhal_bsp.a(alt_load.o)
 .data          0x0000000010000908        0x0 ../lab7_app_bsp/\libhal_bsp.a(alt_main.o)
 .data          0x0000000010000908        0x0 ../lab7_app_bsp/\libhal_bsp.a(alt_sys_init.o)
 .data          0x0000000010000908        0x0 ../lab7_app_bsp/\libhal_bsp.a(alt_close.o)
 .data          0x0000000010000908        0x0 ../lab7_app_bsp/\libhal_bsp.a(alt_dcache_flush_all.o)
 .data          0x0000000010000908      0x1a8 ../lab7_app_bsp/\libhal_bsp.a(alt_dev.o)
                0x0000000010000908                alt_dev_null
                0x0000000010000930                alt_fd_list
 .data          0x0000000010000ab0        0x0 ../lab7_app_bsp/\libhal_bsp.a(alt_do_ctors.o)
 .data          0x0000000010000ab0        0x0 ../lab7_app_bsp/\libhal_bsp.a(alt_do_dtors.o)
 .data          0x0000000010000ab0        0x0 ../lab7_app_bsp/\libhal_bsp.a(alt_errno.o)
 .data          0x0000000010000ab0        0x0 ../lab7_app_bsp/\libhal_bsp.a(alt_icache_flush_all.o)
 .data          0x0000000010000ab0        0x0 ../lab7_app_bsp/\libhal_bsp.a(alt_release_fd.o)
 .data          0x0000000010000ab0        0x0 ../lab7_app_bsp/\libhal_bsp.a(altera_nios2_qsys_irq.o)
 .data          0x0000000010000ab0        0x0 c:/altera/14.0/nios2eds/bin/gnu/h-x86_64-mingw32/bin/../lib/gcc/nios2-elf/4.7.3/../../../../../H-x86_64-mingw32/nios2-elf/lib/mno-hw-mul\libc.a(lib_a-atexit.o)
 .data          0x0000000010000ab0        0x0 c:/altera/14.0/nios2eds/bin/gnu/h-x86_64-mingw32/bin/../lib/gcc/nios2-elf/4.7.3/../../../../../H-x86_64-mingw32/nios2-elf/lib/mno-hw-mul\libc.a(lib_a-exit.o)
 .data          0x0000000010000ab0      0x400 c:/altera/14.0/nios2eds/bin/gnu/h-x86_64-mingw32/bin/../lib/gcc/nios2-elf/4.7.3/../../../../../H-x86_64-mingw32/nios2-elf/lib/mno-hw-mul\libc.a(lib_a-impure.o)
 .data          0x0000000010000eb0        0x0 c:/altera/14.0/nios2eds/bin/gnu/h-x86_64-mingw32/bin/../lib/gcc/nios2-elf/4.7.3/../../../../../H-x86_64-mingw32/nios2-elf/lib/mno-hw-mul\libc.a(lib_a-int_errno.o)
 .data          0x0000000010000eb0        0x0 c:/altera/14.0/nios2eds/bin/gnu/h-x86_64-mingw32/bin/../lib/gcc/nios2-elf/4.7.3/../../../../../H-x86_64-mingw32/nios2-elf/lib/mno-hw-mul\libc.a(lib_a-__atexit.o)
 .data          0x0000000010000eb0        0x0 c:/altera/14.0/nios2eds/bin/gnu/h-x86_64-mingw32/bin/../lib/gcc/nios2-elf/4.7.3/../../../../../H-x86_64-mingw32/nios2-elf/lib/mno-hw-mul\libc.a(lib_a-__call_atexit.o)
 .data          0x0000000010000eb0        0x0 c:/altera/14.0/nios2eds/bin/gnu/h-x86_64-mingw32/bin/../lib/gcc/nios2-elf/4.7.3/mno-hw-mul\libgcc.a(lib2-mul.o)
 .data          0x0000000010000eb0        0x0 ../lab7_app_bsp/\libhal_bsp.a(alt_exit.o)
                0x0000000010008eb0                _gp = ABSOLUTE ((. + 0x8000))
                0x0000000010008eb0                PROVIDE (gp, _gp)
 *(.rwdata .rwdata.*)
 *(.sdata .sdata.* .gnu.linkonce.s.*)
 .sdata         0x0000000010000eb0       0x14 ../lab7_app_bsp/\libhal_bsp.a(alt_dev.o)
                0x0000000010000eb0                alt_fs_list
                0x0000000010000eb8                alt_dev_list
                0x0000000010000ec0                alt_max_fd
 .sdata         0x0000000010000ec4        0x4 ../lab7_app_bsp/\libhal_bsp.a(alt_errno.o)
                0x0000000010000ec4                alt_errno
 .sdata         0x0000000010000ec8        0x8 c:/altera/14.0/nios2eds/bin/gnu/h-x86_64-mingw32/bin/../lib/gcc/nios2-elf/4.7.3/../../../../../H-x86_64-mingw32/nios2-elf/lib/mno-hw-mul\libc.a(lib_a-impure.o)
                0x0000000010000ec8                _global_impure_ptr
                0x0000000010000ecc                _impure_ptr
 *(.sdata2 .sdata2.* .gnu.linkonce.s2.*)
                0x0000000010000ed0                . = ALIGN (0x4)
                0x0000000010000ed0                _edata = ABSOLUTE (.)
                0x0000000010000ed0                PROVIDE (edata, ABSOLUTE (.))
                0x0000000010000ed0                PROVIDE (__ram_rwdata_end, ABSOLUTE (.))
                0x0000000010000ed0                PROVIDE (__flash_rwdata_start, LOADADDR (.rwdata))

.bss            0x0000000010001498      0x1a0
                0x0000000010001498                __bss_start = ABSOLUTE (.)
                0x0000000010001498                PROVIDE (__sbss_start, ABSOLUTE (.))
                0x0000000010001498                PROVIDE (___sbss_start, ABSOLUTE (.))
 *(.dynsbss)
 *(.sbss .sbss.* .gnu.linkonce.sb.*)
 .sbss          0x0000000010001498        0xc ../lab7_app_bsp/\libhal_bsp.a(alt_main.o)
                0x0000000010001498                alt_argc
                0x000000001000149c                alt_argv
                0x00000000100014a0                alt_envp
 .sbss          0x00000000100014a4        0x4 c:/altera/14.0/nios2eds/bin/gnu/h-x86_64-mingw32/bin/../lib/gcc/nios2-elf/4.7.3/../../../../../H-x86_64-mingw32/nios2-elf/lib/mno-hw-mul\libc.a(lib_a-int_errno.o)
                0x00000000100014a4                errno
 *(.sbss2 .sbss2.* .gnu.linkonce.sb2.*)
 *(.scommon)
                0x00000000100014a8                PROVIDE (__sbss_end, ABSOLUTE (.))
                0x00000000100014a8                PROVIDE (___sbss_end, ABSOLUTE (.))
 *(.dynbss)
 *(.bss .bss.* .gnu.linkonce.b.*)
 .bss           0x00000000100014a8        0x0 ../lab7_app_bsp//obj/HAL/src/crt0.o
 .bss           0x00000000100014a8        0x0 obj/default/main.o
 .bss           0x00000000100014a8        0x0 ../lab7_app_bsp/\libhal_bsp.a(alt_load.o)
 .bss           0x00000000100014a8        0x0 ../lab7_app_bsp/\libhal_bsp.a(alt_main.o)
 .bss           0x00000000100014a8        0x0 ../lab7_app_bsp/\libhal_bsp.a(alt_sys_init.o)
 .bss           0x00000000100014a8        0x0 ../lab7_app_bsp/\libhal_bsp.a(alt_close.o)
 .bss           0x00000000100014a8        0x0 ../lab7_app_bsp/\libhal_bsp.a(alt_dcache_flush_all.o)
 .bss           0x00000000100014a8        0x0 ../lab7_app_bsp/\libhal_bsp.a(alt_dev.o)
 .bss           0x00000000100014a8        0x0 ../lab7_app_bsp/\libhal_bsp.a(alt_do_ctors.o)
 .bss           0x00000000100014a8        0x0 ../lab7_app_bsp/\libhal_bsp.a(alt_do_dtors.o)
 .bss           0x00000000100014a8        0x0 ../lab7_app_bsp/\libhal_bsp.a(alt_errno.o)
 .bss           0x00000000100014a8        0x0 ../lab7_app_bsp/\libhal_bsp.a(alt_icache_flush_all.o)
 .bss           0x00000000100014a8        0x0 ../lab7_app_bsp/\libhal_bsp.a(alt_release_fd.o)
 .bss           0x00000000100014a8        0x0 ../lab7_app_bsp/\libhal_bsp.a(altera_nios2_qsys_irq.o)
 .bss           0x00000000100014a8        0x0 c:/altera/14.0/nios2eds/bin/gnu/h-x86_64-mingw32/bin/../lib/gcc/nios2-elf/4.7.3/../../../../../H-x86_64-mingw32/nios2-elf/lib/mno-hw-mul\libc.a(lib_a-atexit.o)
 .bss           0x00000000100014a8        0x0 c:/altera/14.0/nios2eds/bin/gnu/h-x86_64-mingw32/bin/../lib/gcc/nios2-elf/4.7.3/../../../../../H-x86_64-mingw32/nios2-elf/lib/mno-hw-mul\libc.a(lib_a-exit.o)
 .bss           0x00000000100014a8        0x0 c:/altera/14.0/nios2eds/bin/gnu/h-x86_64-mingw32/bin/../lib/gcc/nios2-elf/4.7.3/../../../../../H-x86_64-mingw32/nios2-elf/lib/mno-hw-mul\libc.a(lib_a-impure.o)
 .bss           0x00000000100014a8        0x0 c:/altera/14.0/nios2eds/bin/gnu/h-x86_64-mingw32/bin/../lib/gcc/nios2-elf/4.7.3/../../../../../H-x86_64-mingw32/nios2-elf/lib/mno-hw-mul\libc.a(lib_a-int_errno.o)
 .bss           0x00000000100014a8        0x0 c:/altera/14.0/nios2eds/bin/gnu/h-x86_64-mingw32/bin/../lib/gcc/nios2-elf/4.7.3/../../../../../H-x86_64-mingw32/nios2-elf/lib/mno-hw-mul\libc.a(lib_a-__atexit.o)
 .bss           0x00000000100014a8        0x0 c:/altera/14.0/nios2eds/bin/gnu/h-x86_64-mingw32/bin/../lib/gcc/nios2-elf/4.7.3/../../../../../H-x86_64-mingw32/nios2-elf/lib/mno-hw-mul\libc.a(lib_a-__call_atexit.o)
 .bss           0x00000000100014a8        0x0 c:/altera/14.0/nios2eds/bin/gnu/h-x86_64-mingw32/bin/../lib/gcc/nios2-elf/4.7.3/mno-hw-mul\libgcc.a(lib2-mul.o)
 .bss           0x00000000100014a8        0x0 ../lab7_app_bsp/\libhal_bsp.a(alt_exit.o)
 *(COMMON)
 COMMON         0x00000000100014a8      0x190 c:/altera/14.0/nios2eds/bin/gnu/h-x86_64-mingw32/bin/../lib/gcc/nios2-elf/4.7.3/../../../../../H-x86_64-mingw32/nios2-elf/lib/mno-hw-mul\libc.a(lib_a-atexit.o)
                0x00000000100014a8                _atexit0
                0x0000000010001638                . = ALIGN (0x4)
                0x0000000010001638                __bss_end = ABSOLUTE (.)

.onchip_memory2_0
                0x0000000000000000        0x0 load address 0x0000000010001638
                0x0000000000000000                PROVIDE (_alt_partition_onchip_memory2_0_start, ABSOLUTE (.))
 *(.onchip_memory2_0 .onchip_memory2_0. onchip_memory2_0.*)
                0x0000000000000000                . = ALIGN (0x4)
                0x0000000000000000                PROVIDE (_alt_partition_onchip_memory2_0_end, ABSOLUTE (.))
                0x0000000010001638                PROVIDE (_alt_partition_onchip_memory2_0_load_addr, LOADADDR (.onchip_memory2_0))

.sdram          0x0000000010001638        0x0
                0x0000000010001638                PROVIDE (_alt_partition_sdram_start, ABSOLUTE (.))
 *(.sdram .sdram. sdram.*)
                0x0000000010001638                . = ALIGN (0x4)
                0x0000000010001638                PROVIDE (_alt_partition_sdram_end, ABSOLUTE (.))
                0x0000000010001638                _end = ABSOLUTE (.)
                0x0000000010001638                end = ABSOLUTE (.)
                0x0000000010001638                __alt_stack_base = ABSOLUTE (.)
                0x0000000010001638                PROVIDE (_alt_partition_sdram_load_addr, LOADADDR (.sdram))

.stab
 *(.stab)

.stabstr
 *(.stabstr)

.stab.excl
 *(.stab.excl)

.stab.exclstr
 *(.stab.exclstr)

.stab.index
 *(.stab.index)

.stab.indexstr
 *(.stab.indexstr)

.comment        0x0000000000000000       0x23
 *(.comment)
 .comment       0x0000000000000000       0x23 obj/default/main.o
                                         0x24 (size before relaxing)
 .comment       0x0000000000000000       0x24 ../lab7_app_bsp/\libhal_bsp.a(alt_load.o)
 .comment       0x0000000000000000       0x24 ../lab7_app_bsp/\libhal_bsp.a(alt_main.o)
 .comment       0x0000000000000000       0x24 ../lab7_app_bsp/\libhal_bsp.a(alt_sys_init.o)
 .comment       0x0000000000000000       0x24 ../lab7_app_bsp/\libhal_bsp.a(alt_close.o)
 .comment       0x0000000000000000       0x24 ../lab7_app_bsp/\libhal_bsp.a(alt_dcache_flush_all.o)
 .comment       0x0000000000000000       0x24 ../lab7_app_bsp/\libhal_bsp.a(alt_dev.o)
 .comment       0x0000000000000000       0x24 ../lab7_app_bsp/\libhal_bsp.a(alt_do_ctors.o)
 .comment       0x0000000000000000       0x24 ../lab7_app_bsp/\libhal_bsp.a(alt_do_dtors.o)
 .comment       0x0000000000000000       0x24 ../lab7_app_bsp/\libhal_bsp.a(alt_errno.o)
 .comment       0x0000000000000000       0x24 ../lab7_app_bsp/\libhal_bsp.a(alt_icache_flush_all.o)
 .comment       0x0000000000000000       0x24 ../lab7_app_bsp/\libhal_bsp.a(alt_release_fd.o)
 .comment       0x0000000000000000       0x24 ../lab7_app_bsp/\libhal_bsp.a(altera_nios2_qsys_irq.o)
 .comment       0x0000000000000000       0x24 c:/altera/14.0/nios2eds/bin/gnu/h-x86_64-mingw32/bin/../lib/gcc/nios2-elf/4.7.3/../../../../../H-x86_64-mingw32/nios2-elf/lib/mno-hw-mul\libc.a(lib_a-atexit.o)
 .comment       0x0000000000000000       0x24 c:/altera/14.0/nios2eds/bin/gnu/h-x86_64-mingw32/bin/../lib/gcc/nios2-elf/4.7.3/../../../../../H-x86_64-mingw32/nios2-elf/lib/mno-hw-mul\libc.a(lib_a-exit.o)
 .comment       0x0000000000000000       0x24 c:/altera/14.0/nios2eds/bin/gnu/h-x86_64-mingw32/bin/../lib/gcc/nios2-elf/4.7.3/../../../../../H-x86_64-mingw32/nios2-elf/lib/mno-hw-mul\libc.a(lib_a-impure.o)
 .comment       0x0000000000000000       0x24 c:/altera/14.0/nios2eds/bin/gnu/h-x86_64-mingw32/bin/../lib/gcc/nios2-elf/4.7.3/../../../../../H-x86_64-mingw32/nios2-elf/lib/mno-hw-mul\libc.a(lib_a-int_errno.o)
 .comment       0x0000000000000000       0x24 c:/altera/14.0/nios2eds/bin/gnu/h-x86_64-mingw32/bin/../lib/gcc/nios2-elf/4.7.3/../../../../../H-x86_64-mingw32/nios2-elf/lib/mno-hw-mul\libc.a(lib_a-__atexit.o)
 .comment       0x0000000000000000       0x24 c:/altera/14.0/nios2eds/bin/gnu/h-x86_64-mingw32/bin/../lib/gcc/nios2-elf/4.7.3/../../../../../H-x86_64-mingw32/nios2-elf/lib/mno-hw-mul\libc.a(lib_a-__call_atexit.o)
 .comment       0x0000000000000000       0x24 c:/altera/14.0/nios2eds/bin/gnu/h-x86_64-mingw32/bin/../lib/gcc/nios2-elf/4.7.3/mno-hw-mul\libgcc.a(lib2-mul.o)
 .comment       0x0000000000000000       0x24 ../lab7_app_bsp/\libhal_bsp.a(alt_exit.o)

.debug
 *(.debug)

.line
 *(.line)

.debug_srcinfo
 *(.debug_srcinfo)

.debug_sfnames
 *(.debug_sfnames)

.debug_aranges  0x0000000000000000      0x2b0
 *(.debug_aranges)
 .debug_aranges
                0x0000000000000000       0x28 ../lab7_app_bsp//obj/HAL/src/crt0.o
 .debug_aranges
                0x0000000000000028       0x20 obj/default/main.o
 .debug_aranges
                0x0000000000000048       0x20 ../lab7_app_bsp/\libhal_bsp.a(alt_load.o)
 .debug_aranges
                0x0000000000000068       0x20 ../lab7_app_bsp/\libhal_bsp.a(alt_main.o)
 .debug_aranges
                0x0000000000000088       0x20 ../lab7_app_bsp/\libhal_bsp.a(alt_sys_init.o)
 .debug_aranges
                0x00000000000000a8       0x20 ../lab7_app_bsp/\libhal_bsp.a(alt_close.o)
 .debug_aranges
                0x00000000000000c8       0x20 ../lab7_app_bsp/\libhal_bsp.a(alt_dcache_flush_all.o)
 .debug_aranges
                0x00000000000000e8       0x20 ../lab7_app_bsp/\libhal_bsp.a(alt_dev.o)
 .debug_aranges
                0x0000000000000108       0x20 ../lab7_app_bsp/\libhal_bsp.a(alt_do_ctors.o)
 .debug_aranges
                0x0000000000000128       0x20 ../lab7_app_bsp/\libhal_bsp.a(alt_do_dtors.o)
 .debug_aranges
                0x0000000000000148       0x18 ../lab7_app_bsp/\libhal_bsp.a(alt_errno.o)
 .debug_aranges
                0x0000000000000160       0x20 ../lab7_app_bsp/\libhal_bsp.a(alt_icache_flush_all.o)
 .debug_aranges
                0x0000000000000180       0x20 ../lab7_app_bsp/\libhal_bsp.a(alt_release_fd.o)
 .debug_aranges
                0x00000000000001a0       0x20 ../lab7_app_bsp/\libhal_bsp.a(altera_nios2_qsys_irq.o)
 .debug_aranges
                0x00000000000001c0       0x20 c:/altera/14.0/nios2eds/bin/gnu/h-x86_64-mingw32/bin/../lib/gcc/nios2-elf/4.7.3/../../../../../H-x86_64-mingw32/nios2-elf/lib/mno-hw-mul\libc.a(lib_a-atexit.o)
 .debug_aranges
                0x00000000000001e0       0x20 c:/altera/14.0/nios2eds/bin/gnu/h-x86_64-mingw32/bin/../lib/gcc/nios2-elf/4.7.3/../../../../../H-x86_64-mingw32/nios2-elf/lib/mno-hw-mul\libc.a(lib_a-exit.o)
 .debug_aranges
                0x0000000000000200       0x18 c:/altera/14.0/nios2eds/bin/gnu/h-x86_64-mingw32/bin/../lib/gcc/nios2-elf/4.7.3/../../../../../H-x86_64-mingw32/nios2-elf/lib/mno-hw-mul\libc.a(lib_a-impure.o)
 .debug_aranges
                0x0000000000000218       0x18 c:/altera/14.0/nios2eds/bin/gnu/h-x86_64-mingw32/bin/../lib/gcc/nios2-elf/4.7.3/../../../../../H-x86_64-mingw32/nios2-elf/lib/mno-hw-mul\libc.a(lib_a-int_errno.o)
 .debug_aranges
                0x0000000000000230       0x20 c:/altera/14.0/nios2eds/bin/gnu/h-x86_64-mingw32/bin/../lib/gcc/nios2-elf/4.7.3/../../../../../H-x86_64-mingw32/nios2-elf/lib/mno-hw-mul\libc.a(lib_a-__atexit.o)
 .debug_aranges
                0x0000000000000250       0x20 c:/altera/14.0/nios2eds/bin/gnu/h-x86_64-mingw32/bin/../lib/gcc/nios2-elf/4.7.3/../../../../../H-x86_64-mingw32/nios2-elf/lib/mno-hw-mul\libc.a(lib_a-__call_atexit.o)
 .debug_aranges
                0x0000000000000270       0x20 c:/altera/14.0/nios2eds/bin/gnu/h-x86_64-mingw32/bin/../lib/gcc/nios2-elf/4.7.3/mno-hw-mul\libgcc.a(lib2-mul.o)
 .debug_aranges
                0x0000000000000290       0x20 ../lab7_app_bsp/\libhal_bsp.a(alt_exit.o)

.debug_pubnames
 *(.debug_pubnames)

.debug_info     0x0000000000000000     0x3e6a
 *(.debug_info .gnu.linkonce.wi.*)
 .debug_info    0x0000000000000000       0x5c ../lab7_app_bsp//obj/HAL/src/crt0.o
 .debug_info    0x000000000000005c       0xa3 obj/default/main.o
 .debug_info    0x00000000000000ff      0x159 ../lab7_app_bsp/\libhal_bsp.a(alt_load.o)
 .debug_info    0x0000000000000258      0x163 ../lab7_app_bsp/\libhal_bsp.a(alt_main.o)
 .debug_info    0x00000000000003bb      0x101 ../lab7_app_bsp/\libhal_bsp.a(alt_sys_init.o)
 .debug_info    0x00000000000004bc      0x350 ../lab7_app_bsp/\libhal_bsp.a(alt_close.o)
 .debug_info    0x000000000000080c       0x90 ../lab7_app_bsp/\libhal_bsp.a(alt_dcache_flush_all.o)
 .debug_info    0x000000000000089c      0x4e3 ../lab7_app_bsp/\libhal_bsp.a(alt_dev.o)
 .debug_info    0x0000000000000d7f       0x8d ../lab7_app_bsp/\libhal_bsp.a(alt_do_ctors.o)
 .debug_info    0x0000000000000e0c       0x8d ../lab7_app_bsp/\libhal_bsp.a(alt_do_dtors.o)
 .debug_info    0x0000000000000e99       0xa3 ../lab7_app_bsp/\libhal_bsp.a(alt_errno.o)
 .debug_info    0x0000000000000f3c       0x90 ../lab7_app_bsp/\libhal_bsp.a(alt_icache_flush_all.o)
 .debug_info    0x0000000000000fcc      0x2dd ../lab7_app_bsp/\libhal_bsp.a(alt_release_fd.o)
 .debug_info    0x00000000000012a9       0xba ../lab7_app_bsp/\libhal_bsp.a(altera_nios2_qsys_irq.o)
 .debug_info    0x0000000000001363      0x1e6 c:/altera/14.0/nios2eds/bin/gnu/h-x86_64-mingw32/bin/../lib/gcc/nios2-elf/4.7.3/../../../../../H-x86_64-mingw32/nios2-elf/lib/mno-hw-mul\libc.a(lib_a-atexit.o)
 .debug_info    0x0000000000001549      0x993 c:/altera/14.0/nios2eds/bin/gnu/h-x86_64-mingw32/bin/../lib/gcc/nios2-elf/4.7.3/../../../../../H-x86_64-mingw32/nios2-elf/lib/mno-hw-mul\libc.a(lib_a-exit.o)
 .debug_info    0x0000000000001edc      0x938 c:/altera/14.0/nios2eds/bin/gnu/h-x86_64-mingw32/bin/../lib/gcc/nios2-elf/4.7.3/../../../../../H-x86_64-mingw32/nios2-elf/lib/mno-hw-mul\libc.a(lib_a-impure.o)
 .debug_info    0x0000000000002814       0x84 c:/altera/14.0/nios2eds/bin/gnu/h-x86_64-mingw32/bin/../lib/gcc/nios2-elf/4.7.3/../../../../../H-x86_64-mingw32/nios2-elf/lib/mno-hw-mul\libc.a(lib_a-int_errno.o)
 .debug_info    0x0000000000002898      0x9f9 c:/altera/14.0/nios2eds/bin/gnu/h-x86_64-mingw32/bin/../lib/gcc/nios2-elf/4.7.3/../../../../../H-x86_64-mingw32/nios2-elf/lib/mno-hw-mul\libc.a(lib_a-__atexit.o)
 .debug_info    0x0000000000003291      0xa07 c:/altera/14.0/nios2eds/bin/gnu/h-x86_64-mingw32/bin/../lib/gcc/nios2-elf/4.7.3/../../../../../H-x86_64-mingw32/nios2-elf/lib/mno-hw-mul\libc.a(lib_a-__call_atexit.o)
 .debug_info    0x0000000000003c98       0xb8 c:/altera/14.0/nios2eds/bin/gnu/h-x86_64-mingw32/bin/../lib/gcc/nios2-elf/4.7.3/mno-hw-mul\libgcc.a(lib2-mul.o)
 .debug_info    0x0000000000003d50      0x11a ../lab7_app_bsp/\libhal_bsp.a(alt_exit.o)

.debug_abbrev   0x0000000000000000     0x1153
 *(.debug_abbrev)
 .debug_abbrev  0x0000000000000000       0x12 ../lab7_app_bsp//obj/HAL/src/crt0.o
 .debug_abbrev  0x0000000000000012       0x63 obj/default/main.o
 .debug_abbrev  0x0000000000000075       0x9f ../lab7_app_bsp/\libhal_bsp.a(alt_load.o)
 .debug_abbrev  0x0000000000000114       0xc1 ../lab7_app_bsp/\libhal_bsp.a(alt_main.o)
 .debug_abbrev  0x00000000000001d5       0xba ../lab7_app_bsp/\libhal_bsp.a(alt_sys_init.o)
 .debug_abbrev  0x000000000000028f      0x11f ../lab7_app_bsp/\libhal_bsp.a(alt_close.o)
 .debug_abbrev  0x00000000000003ae       0x42 ../lab7_app_bsp/\libhal_bsp.a(alt_dcache_flush_all.o)
 .debug_abbrev  0x00000000000003f0       0xd9 ../lab7_app_bsp/\libhal_bsp.a(alt_dev.o)
 .debug_abbrev  0x00000000000004c9       0x79 ../lab7_app_bsp/\libhal_bsp.a(alt_do_ctors.o)
 .debug_abbrev  0x0000000000000542       0x79 ../lab7_app_bsp/\libhal_bsp.a(alt_do_dtors.o)
 .debug_abbrev  0x00000000000005bb       0x5a ../lab7_app_bsp/\libhal_bsp.a(alt_errno.o)
 .debug_abbrev  0x0000000000000615       0x42 ../lab7_app_bsp/\libhal_bsp.a(alt_icache_flush_all.o)
 .debug_abbrev  0x0000000000000657       0xde ../lab7_app_bsp/\libhal_bsp.a(alt_release_fd.o)
 .debug_abbrev  0x0000000000000735       0x67 ../lab7_app_bsp/\libhal_bsp.a(altera_nios2_qsys_irq.o)
 .debug_abbrev  0x000000000000079c      0x106 c:/altera/14.0/nios2eds/bin/gnu/h-x86_64-mingw32/bin/../lib/gcc/nios2-elf/4.7.3/../../../../../H-x86_64-mingw32/nios2-elf/lib/mno-hw-mul\libc.a(lib_a-atexit.o)
 .debug_abbrev  0x00000000000008a2      0x1c8 c:/altera/14.0/nios2eds/bin/gnu/h-x86_64-mingw32/bin/../lib/gcc/nios2-elf/4.7.3/../../../../../H-x86_64-mingw32/nios2-elf/lib/mno-hw-mul\libc.a(lib_a-exit.o)
 .debug_abbrev  0x0000000000000a6a      0x162 c:/altera/14.0/nios2eds/bin/gnu/h-x86_64-mingw32/bin/../lib/gcc/nios2-elf/4.7.3/../../../../../H-x86_64-mingw32/nios2-elf/lib/mno-hw-mul\libc.a(lib_a-impure.o)
 .debug_abbrev  0x0000000000000bcc       0x37 c:/altera/14.0/nios2eds/bin/gnu/h-x86_64-mingw32/bin/../lib/gcc/nios2-elf/4.7.3/../../../../../H-x86_64-mingw32/nios2-elf/lib/mno-hw-mul\libc.a(lib_a-int_errno.o)
 .debug_abbrev  0x0000000000000c03      0x211 c:/altera/14.0/nios2eds/bin/gnu/h-x86_64-mingw32/bin/../lib/gcc/nios2-elf/4.7.3/../../../../../H-x86_64-mingw32/nios2-elf/lib/mno-hw-mul\libc.a(lib_a-__atexit.o)
 .debug_abbrev  0x0000000000000e14      0x203 c:/altera/14.0/nios2eds/bin/gnu/h-x86_64-mingw32/bin/../lib/gcc/nios2-elf/4.7.3/../../../../../H-x86_64-mingw32/nios2-elf/lib/mno-hw-mul\libc.a(lib_a-__call_atexit.o)
 .debug_abbrev  0x0000000000001017       0x6f c:/altera/14.0/nios2eds/bin/gnu/h-x86_64-mingw32/bin/../lib/gcc/nios2-elf/4.7.3/mno-hw-mul\libgcc.a(lib2-mul.o)
 .debug_abbrev  0x0000000000001086       0xcd ../lab7_app_bsp/\libhal_bsp.a(alt_exit.o)

.debug_line     0x0000000000000000     0x1376
 *(.debug_line)
 .debug_line    0x0000000000000000       0x66 ../lab7_app_bsp//obj/HAL/src/crt0.o
 .debug_line    0x0000000000000066       0x4f obj/default/main.o
 .debug_line    0x00000000000000b5       0x92 ../lab7_app_bsp/\libhal_bsp.a(alt_load.o)
 .debug_line    0x0000000000000147       0xcd ../lab7_app_bsp/\libhal_bsp.a(alt_main.o)
 .debug_line    0x0000000000000214       0xa8 ../lab7_app_bsp/\libhal_bsp.a(alt_sys_init.o)
 .debug_line    0x00000000000002bc      0x188 ../lab7_app_bsp/\libhal_bsp.a(alt_close.o)
 .debug_line    0x0000000000000444       0x51 ../lab7_app_bsp/\libhal_bsp.a(alt_dcache_flush_all.o)
 .debug_line    0x0000000000000495      0x11b ../lab7_app_bsp/\libhal_bsp.a(alt_dev.o)
 .debug_line    0x00000000000005b0       0x59 ../lab7_app_bsp/\libhal_bsp.a(alt_do_ctors.o)
 .debug_line    0x0000000000000609       0x59 ../lab7_app_bsp/\libhal_bsp.a(alt_do_dtors.o)
 .debug_line    0x0000000000000662       0x51 ../lab7_app_bsp/\libhal_bsp.a(alt_errno.o)
 .debug_line    0x00000000000006b3       0x4f ../lab7_app_bsp/\libhal_bsp.a(alt_icache_flush_all.o)
 .debug_line    0x0000000000000702       0xb0 ../lab7_app_bsp/\libhal_bsp.a(alt_release_fd.o)
 .debug_line    0x00000000000007b2       0x8d ../lab7_app_bsp/\libhal_bsp.a(altera_nios2_qsys_irq.o)
 .debug_line    0x000000000000083f      0x16c c:/altera/14.0/nios2eds/bin/gnu/h-x86_64-mingw32/bin/../lib/gcc/nios2-elf/4.7.3/../../../../../H-x86_64-mingw32/nios2-elf/lib/mno-hw-mul\libc.a(lib_a-atexit.o)
 .debug_line    0x00000000000009ab      0x218 c:/altera/14.0/nios2eds/bin/gnu/h-x86_64-mingw32/bin/../lib/gcc/nios2-elf/4.7.3/../../../../../H-x86_64-mingw32/nios2-elf/lib/mno-hw-mul\libc.a(lib_a-exit.o)
 .debug_line    0x0000000000000bc3      0x174 c:/altera/14.0/nios2eds/bin/gnu/h-x86_64-mingw32/bin/../lib/gcc/nios2-elf/4.7.3/../../../../../H-x86_64-mingw32/nios2-elf/lib/mno-hw-mul\libc.a(lib_a-impure.o)
 .debug_line    0x0000000000000d37       0x60 c:/altera/14.0/nios2eds/bin/gnu/h-x86_64-mingw32/bin/../lib/gcc/nios2-elf/4.7.3/../../../../../H-x86_64-mingw32/nios2-elf/lib/mno-hw-mul\libc.a(lib_a-int_errno.o)
 .debug_line    0x0000000000000d97      0x24f c:/altera/14.0/nios2eds/bin/gnu/h-x86_64-mingw32/bin/../lib/gcc/nios2-elf/4.7.3/../../../../../H-x86_64-mingw32/nios2-elf/lib/mno-hw-mul\libc.a(lib_a-__atexit.o)
 .debug_line    0x0000000000000fe6      0x263 c:/altera/14.0/nios2eds/bin/gnu/h-x86_64-mingw32/bin/../lib/gcc/nios2-elf/4.7.3/../../../../../H-x86_64-mingw32/nios2-elf/lib/mno-hw-mul\libc.a(lib_a-__call_atexit.o)
 .debug_line    0x0000000000001249       0x80 c:/altera/14.0/nios2eds/bin/gnu/h-x86_64-mingw32/bin/../lib/gcc/nios2-elf/4.7.3/mno-hw-mul\libgcc.a(lib2-mul.o)
 .debug_line    0x00000000000012c9       0xad ../lab7_app_bsp/\libhal_bsp.a(alt_exit.o)

.debug_frame    0x0000000000000000      0x360
 *(.debug_frame)
 .debug_frame   0x0000000000000000       0x2c obj/default/main.o
 .debug_frame   0x000000000000002c       0x48 ../lab7_app_bsp/\libhal_bsp.a(alt_load.o)
 .debug_frame   0x0000000000000074       0x2c ../lab7_app_bsp/\libhal_bsp.a(alt_main.o)
 .debug_frame   0x00000000000000a0       0x48 ../lab7_app_bsp/\libhal_bsp.a(alt_sys_init.o)
 .debug_frame   0x00000000000000e8       0x48 ../lab7_app_bsp/\libhal_bsp.a(alt_close.o)
 .debug_frame   0x0000000000000130       0x2c ../lab7_app_bsp/\libhal_bsp.a(alt_dcache_flush_all.o)
 .debug_frame   0x000000000000015c       0x2c ../lab7_app_bsp/\libhal_bsp.a(alt_dev.o)
 .debug_frame   0x0000000000000188       0x2c ../lab7_app_bsp/\libhal_bsp.a(alt_do_ctors.o)
 .debug_frame   0x00000000000001b4       0x2c ../lab7_app_bsp/\libhal_bsp.a(alt_do_dtors.o)
 .debug_frame   0x00000000000001e0       0x2c ../lab7_app_bsp/\libhal_bsp.a(alt_icache_flush_all.o)
 .debug_frame   0x000000000000020c       0x30 ../lab7_app_bsp/\libhal_bsp.a(alt_release_fd.o)
 .debug_frame   0x000000000000023c       0x2c ../lab7_app_bsp/\libhal_bsp.a(altera_nios2_qsys_irq.o)
 .debug_frame   0x0000000000000268       0x20 c:/altera/14.0/nios2eds/bin/gnu/h-x86_64-mingw32/bin/../lib/gcc/nios2-elf/4.7.3/../../../../../H-x86_64-mingw32/nios2-elf/lib/mno-hw-mul\libc.a(lib_a-atexit.o)
 .debug_frame   0x0000000000000288       0x28 c:/altera/14.0/nios2eds/bin/gnu/h-x86_64-mingw32/bin/../lib/gcc/nios2-elf/4.7.3/../../../../../H-x86_64-mingw32/nios2-elf/lib/mno-hw-mul\libc.a(lib_a-exit.o)
 .debug_frame   0x00000000000002b0       0x2c c:/altera/14.0/nios2eds/bin/gnu/h-x86_64-mingw32/bin/../lib/gcc/nios2-elf/4.7.3/../../../../../H-x86_64-mingw32/nios2-elf/lib/mno-hw-mul\libc.a(lib_a-__atexit.o)
 .debug_frame   0x00000000000002dc       0x38 c:/altera/14.0/nios2eds/bin/gnu/h-x86_64-mingw32/bin/../lib/gcc/nios2-elf/4.7.3/../../../../../H-x86_64-mingw32/nios2-elf/lib/mno-hw-mul\libc.a(lib_a-__call_atexit.o)
 .debug_frame   0x0000000000000314       0x20 c:/altera/14.0/nios2eds/bin/gnu/h-x86_64-mingw32/bin/../lib/gcc/nios2-elf/4.7.3/mno-hw-mul\libgcc.a(lib2-mul.o)
 .debug_frame   0x0000000000000334       0x2c ../lab7_app_bsp/\libhal_bsp.a(alt_exit.o)

.debug_str      0x0000000000000000      0xd73
 *(.debug_str)
 .debug_str     0x0000000000000000       0x5c obj/default/main.o
                                         0x75 (size before relaxing)
 .debug_str     0x000000000000005c      0x172 ../lab7_app_bsp/\libhal_bsp.a(alt_load.o)
                                        0x1b7 (size before relaxing)
 .debug_str     0x00000000000001ce       0x91 ../lab7_app_bsp/\libhal_bsp.a(alt_main.o)
                                        0x16b (size before relaxing)
 .debug_str     0x000000000000025f       0x47 ../lab7_app_bsp/\libhal_bsp.a(alt_sys_init.o)
                                        0x13b (size before relaxing)
 .debug_str     0x00000000000002a6       0x97 ../lab7_app_bsp/\libhal_bsp.a(alt_close.o)
                                        0x1b0 (size before relaxing)
 .debug_str     0x000000000000033d       0x34 ../lab7_app_bsp/\libhal_bsp.a(alt_dcache_flush_all.o)
                                         0xfa (size before relaxing)
 .debug_str     0x0000000000000371      0x120 ../lab7_app_bsp/\libhal_bsp.a(alt_dev.o)
                                        0x2aa (size before relaxing)
 .debug_str     0x0000000000000491       0x48 ../lab7_app_bsp/\libhal_bsp.a(alt_do_ctors.o)
                                         0x81 (size before relaxing)
 .debug_str     0x00000000000004d9       0x4c ../lab7_app_bsp/\libhal_bsp.a(alt_do_dtors.o)
                                         0x80 (size before relaxing)
 .debug_str     0x0000000000000525       0x14 ../lab7_app_bsp/\libhal_bsp.a(alt_errno.o)
                                         0xea (size before relaxing)
 .debug_str     0x0000000000000539       0x34 ../lab7_app_bsp/\libhal_bsp.a(alt_icache_flush_all.o)
                                         0xfa (size before relaxing)
 .debug_str     0x000000000000056d       0x28 ../lab7_app_bsp/\libhal_bsp.a(alt_release_fd.o)
                                        0x184 (size before relaxing)
 .debug_str     0x0000000000000595       0x3b ../lab7_app_bsp/\libhal_bsp.a(altera_nios2_qsys_irq.o)
                                        0x12a (size before relaxing)
 .debug_str     0x00000000000005d0      0x168 c:/altera/14.0/nios2eds/bin/gnu/h-x86_64-mingw32/bin/../lib/gcc/nios2-elf/4.7.3/../../../../../H-x86_64-mingw32/nios2-elf/lib/mno-hw-mul\libc.a(lib_a-atexit.o)
                                        0x21b (size before relaxing)
 .debug_str     0x0000000000000738      0x375 c:/altera/14.0/nios2eds/bin/gnu/h-x86_64-mingw32/bin/../lib/gcc/nios2-elf/4.7.3/../../../../../H-x86_64-mingw32/nios2-elf/lib/mno-hw-mul\libc.a(lib_a-exit.o)
                                        0x53b (size before relaxing)
 .debug_str     0x0000000000000aad       0xe0 c:/altera/14.0/nios2eds/bin/gnu/h-x86_64-mingw32/bin/../lib/gcc/nios2-elf/4.7.3/../../../../../H-x86_64-mingw32/nios2-elf/lib/mno-hw-mul\libc.a(lib_a-impure.o)
                                        0x532 (size before relaxing)
 .debug_str     0x0000000000000b8d       0x40 c:/altera/14.0/nios2eds/bin/gnu/h-x86_64-mingw32/bin/../lib/gcc/nios2-elf/4.7.3/../../../../../H-x86_64-mingw32/nios2-elf/lib/mno-hw-mul\libc.a(lib_a-int_errno.o)
                                        0x17b (size before relaxing)
 .debug_str     0x0000000000000bcd       0x47 c:/altera/14.0/nios2eds/bin/gnu/h-x86_64-mingw32/bin/../lib/gcc/nios2-elf/4.7.3/../../../../../H-x86_64-mingw32/nios2-elf/lib/mno-hw-mul\libc.a(lib_a-__atexit.o)
                                        0x57f (size before relaxing)
 .debug_str     0x0000000000000c14       0x64 c:/altera/14.0/nios2eds/bin/gnu/h-x86_64-mingw32/bin/../lib/gcc/nios2-elf/4.7.3/../../../../../H-x86_64-mingw32/nios2-elf/lib/mno-hw-mul\libc.a(lib_a-__call_atexit.o)
                                        0x55d (size before relaxing)
 .debug_str     0x0000000000000c78       0xd1 c:/altera/14.0/nios2eds/bin/gnu/h-x86_64-mingw32/bin/../lib/gcc/nios2-elf/4.7.3/mno-hw-mul\libgcc.a(lib2-mul.o)
                                        0x128 (size before relaxing)
 .debug_str     0x0000000000000d49       0x2a ../lab7_app_bsp/\libhal_bsp.a(alt_exit.o)
                                        0x11f (size before relaxing)

.debug_loc      0x0000000000000000      0x732
 *(.debug_loc)
 .debug_loc     0x0000000000000000       0x2c obj/default/main.o
 .debug_loc     0x000000000000002c       0x58 ../lab7_app_bsp/\libhal_bsp.a(alt_load.o)
 .debug_loc     0x0000000000000084       0x2c ../lab7_app_bsp/\libhal_bsp.a(alt_main.o)
 .debug_loc     0x00000000000000b0       0x58 ../lab7_app_bsp/\libhal_bsp.a(alt_sys_init.o)
 .debug_loc     0x0000000000000108       0x58 ../lab7_app_bsp/\libhal_bsp.a(alt_close.o)
 .debug_loc     0x0000000000000160       0x2c ../lab7_app_bsp/\libhal_bsp.a(alt_dcache_flush_all.o)
 .debug_loc     0x000000000000018c       0x2c ../lab7_app_bsp/\libhal_bsp.a(alt_dev.o)
 .debug_loc     0x00000000000001b8       0x2c ../lab7_app_bsp/\libhal_bsp.a(alt_do_ctors.o)
 .debug_loc     0x00000000000001e4       0x2c ../lab7_app_bsp/\libhal_bsp.a(alt_do_dtors.o)
 .debug_loc     0x0000000000000210       0x2c ../lab7_app_bsp/\libhal_bsp.a(alt_icache_flush_all.o)
 .debug_loc     0x000000000000023c       0x2c ../lab7_app_bsp/\libhal_bsp.a(alt_release_fd.o)
 .debug_loc     0x0000000000000268       0x2c ../lab7_app_bsp/\libhal_bsp.a(altera_nios2_qsys_irq.o)
 .debug_loc     0x0000000000000294       0x2c c:/altera/14.0/nios2eds/bin/gnu/h-x86_64-mingw32/bin/../lib/gcc/nios2-elf/4.7.3/../../../../../H-x86_64-mingw32/nios2-elf/lib/mno-hw-mul\libc.a(lib_a-atexit.o)
 .debug_loc     0x00000000000002c0       0x3e c:/altera/14.0/nios2eds/bin/gnu/h-x86_64-mingw32/bin/../lib/gcc/nios2-elf/4.7.3/../../../../../H-x86_64-mingw32/nios2-elf/lib/mno-hw-mul\libc.a(lib_a-exit.o)
 .debug_loc     0x00000000000002fe      0x194 c:/altera/14.0/nios2eds/bin/gnu/h-x86_64-mingw32/bin/../lib/gcc/nios2-elf/4.7.3/../../../../../H-x86_64-mingw32/nios2-elf/lib/mno-hw-mul\libc.a(lib_a-__atexit.o)
 .debug_loc     0x0000000000000492      0x1e1 c:/altera/14.0/nios2eds/bin/gnu/h-x86_64-mingw32/bin/../lib/gcc/nios2-elf/4.7.3/../../../../../H-x86_64-mingw32/nios2-elf/lib/mno-hw-mul\libc.a(lib_a-__call_atexit.o)
 .debug_loc     0x0000000000000673       0x93 c:/altera/14.0/nios2eds/bin/gnu/h-x86_64-mingw32/bin/../lib/gcc/nios2-elf/4.7.3/mno-hw-mul\libgcc.a(lib2-mul.o)
 .debug_loc     0x0000000000000706       0x2c ../lab7_app_bsp/\libhal_bsp.a(alt_exit.o)

.debug_macinfo
 *(.debug_macinfo)

.debug_weaknames
 *(.debug_weaknames)

.debug_funcnames
 *(.debug_funcnames)

.debug_typenames
 *(.debug_typenames)

.debug_varnames
 *(.debug_varnames)

.debug_alt_sim_info
                0x0000000000000000       0x10
 *(.debug_alt_sim_info)
 .debug_alt_sim_info
                0x0000000000000000       0x10 ../lab7_app_bsp//obj/HAL/src/crt0.o
                0x0000000018000000                __alt_data_end = 0x18000000
                0x0000000018000000                PROVIDE (__alt_stack_pointer, __alt_data_end)
                0x0000000010001638                PROVIDE (__alt_stack_limit, __alt_stack_base)
                0x0000000010001638                PROVIDE (__alt_heap_start, end)
                0x0000000018000000                PROVIDE (__alt_heap_limit, 0x18000000)
OUTPUT(lab7_app.elf elf32-littlenios2)

.debug_ranges   0x0000000000000000       0x38
 .debug_ranges  0x0000000000000000       0x20 ../lab7_app_bsp//obj/HAL/src/crt0.o
 .debug_ranges  0x0000000000000020       0x18 c:/altera/14.0/nios2eds/bin/gnu/h-x86_64-mingw32/bin/../lib/gcc/nios2-elf/4.7.3/../../../../../H-x86_64-mingw32/nios2-elf/lib/mno-hw-mul\libc.a(lib_a-__call_atexit.o)
